[   25496ms] [WARNING] Failed to load ambient audio: assets/audio/day-ambient.mp3 Error: Audio key "assets/audio/day-ambient.mp3" not found in cache
    at new initialize (https://platform.thisisvillegas.com/chunk-ZRDQEC65.js:64:29054)
    at initialize.add (https://platform.thisisvillegas.com/chunk-ZRDQEC65.js:64:38337)
    at kt.applyAudio (https://platform.thisisvillegas.com/chunk-ZRDQEC65.js:68:43607)
    at kt.applyTheme (https://platform.thisisvillegas.com/chunk-ZRDQEC65.js:68:41788)
    at ie.<anonymous> (https://platform.thisisvillegas.com/chunk-ZRDQEC65.js:68:58982)
    at Generator.next (<anonymous>)
    at i (https://platform.thisisvillegas.com/chunk-63LDI3ND.js:1:1115)
    at f.invoke (https://platform.thisisvillegas.com/polyfills-B6TNHZQ6.js:1:6880)
    at e.run (https://platform.thisisvillegas.com/polyfills-B6TNHZQ6.js:1:1770)
    at https://platform.thisisvillegas.com/polyfills-B6TNHZQ6.js:2:553
    at f.invokeTask (https://platform.thisisvillegas.com/polyfills-B6TNHZQ6.js:1:7505)
    at e.runTask (https://platform.thisisvillegas.com/polyfills-B6TNHZQ6.js:1:2410)
    at $ (https://platform.thisisvillegas.com/polyfills-B6TNHZQ6.js:1:9578) @ https://platform.thisisvillegas.com/chunk-D6U4BVXY.js:16
[   25498ms] [WARNING] Failed to load music audio: assets/audio/day-music.mp3 Error: Audio key "assets/audio/day-music.mp3" not found in cache
    at new initialize (https://platform.thisisvillegas.com/chunk-ZRDQEC65.js:64:29054)
    at initialize.add (https://platform.thisisvillegas.com/chunk-ZRDQEC65.js:64:38337)
    at kt.applyAudio (https://platform.thisisvillegas.com/chunk-ZRDQEC65.js:68:43861)
    at kt.applyTheme (https://platform.thisisvillegas.com/chunk-ZRDQEC65.js:68:41788)
    at ie.<anonymous> (https://platform.thisisvillegas.com/chunk-ZRDQEC65.js:68:58982)
    at Generator.next (<anonymous>)
    at i (https://platform.thisisvillegas.com/chunk-63LDI3ND.js:1:1115)
    at f.invoke (https://platform.thisisvillegas.com/polyfills-B6TNHZQ6.js:1:6880)
    at e.run (https://platform.thisisvillegas.com/polyfills-B6TNHZQ6.js:1:1770)
    at https://platform.thisisvillegas.com/polyfills-B6TNHZQ6.js:2:553
    at f.invokeTask (https://platform.thisisvillegas.com/polyfills-B6TNHZQ6.js:1:7505)
    at e.runTask (https://platform.thisisvillegas.com/polyfills-B6TNHZQ6.js:1:2410)
    at $ (https://platform.thisisvillegas.com/polyfills-B6TNHZQ6.js:1:9578) @ https://platform.thisisvillegas.com/chunk-D6U4BVXY.js:16
[  646618ms] [WARNING] Failed to load ambient audio: assets/audio/day-ambient.mp3 Error: Audio key "assets/audio/day-ambient.mp3" not found in cache
    at new initialize (https://platform.thisisvillegas.com/chunk-ZRDQEC65.js:64:29054)
    at initialize.add (https://platform.thisisvillegas.com/chunk-ZRDQEC65.js:64:38337)
    at kt.applyAudio (https://platform.thisisvillegas.com/chunk-ZRDQEC65.js:68:43607)
    at kt.applyTheme (https://platform.thisisvillegas.com/chunk-ZRDQEC65.js:68:41788)
    at ie.<anonymous> (https://platform.thisisvillegas.com/chunk-ZRDQEC65.js:68:58982)
    at Generator.next (<anonymous>)
    at i (https://platform.thisisvillegas.com/chunk-63LDI3ND.js:1:1115)
    at f.invoke (https://platform.thisisvillegas.com/polyfills-B6TNHZQ6.js:1:6880)
    at e.run (https://platform.thisisvillegas.com/polyfills-B6TNHZQ6.js:1:1770)
    at https://platform.thisisvillegas.com/polyfills-B6TNHZQ6.js:2:553
    at f.invokeTask (https://platform.thisisvillegas.com/polyfills-B6TNHZQ6.js:1:7505)
    at e.runTask (https://platform.thisisvillegas.com/polyfills-B6TNHZQ6.js:1:2410)
    at $ (https://platform.thisisvillegas.com/polyfills-B6TNHZQ6.js:1:9578) @ https://platform.thisisvillegas.com/chunk-D6U4BVXY.js:16
[  646620ms] [WARNING] Failed to load music audio: assets/audio/day-music.mp3 Error: Audio key "assets/audio/day-music.mp3" not found in cache
    at new initialize (https://platform.thisisvillegas.com/chunk-ZRDQEC65.js:64:29054)
    at initialize.add (https://platform.thisisvillegas.com/chunk-ZRDQEC65.js:64:38337)
    at kt.applyAudio (https://platform.thisisvillegas.com/chunk-ZRDQEC65.js:68:43861)
    at kt.applyTheme (https://platform.thisisvillegas.com/chunk-ZRDQEC65.js:68:41788)
    at ie.<anonymous> (https://platform.thisisvillegas.com/chunk-ZRDQEC65.js:68:58982)
    at Generator.next (<anonymous>)
    at i (https://platform.thisisvillegas.com/chunk-63LDI3ND.js:1:1115)
    at f.invoke (https://platform.thisisvillegas.com/polyfills-B6TNHZQ6.js:1:6880)
    at e.run (https://platform.thisisvillegas.com/polyfills-B6TNHZQ6.js:1:1770)
    at https://platform.thisisvillegas.com/polyfills-B6TNHZQ6.js:2:553
    at f.invokeTask (https://platform.thisisvillegas.com/polyfills-B6TNHZQ6.js:1:7505)
    at e.runTask (https://platform.thisisvillegas.com/polyfills-B6TNHZQ6.js:1:2410)
    at $ (https://platform.thisisvillegas.com/polyfills-B6TNHZQ6.js:1:9578) @ https://platform.thisisvillegas.com/chunk-D6U4BVXY.js:16
[ 1344500ms] [WARNING] Failed to load ambient audio: assets/audio/day-ambient.mp3 Error: Audio key "assets/audio/day-ambient.mp3" not found in cache
    at new initialize (https://platform.thisisvillegas.com/chunk-ZRDQEC65.js:64:29054)
    at initialize.add (https://platform.thisisvillegas.com/chunk-ZRDQEC65.js:64:38337)
    at kt.applyAudio (https://platform.thisisvillegas.com/chunk-ZRDQEC65.js:68:43607)
    at kt.applyTheme (https://platform.thisisvillegas.com/chunk-ZRDQEC65.js:68:41788)
    at ie.<anonymous> (https://platform.thisisvillegas.com/chunk-ZRDQEC65.js:68:58982)
    at Generator.next (<anonymous>)
    at i (https://platform.thisisvillegas.com/chunk-63LDI3ND.js:1:1115)
    at f.invoke (https://platform.thisisvillegas.com/polyfills-B6TNHZQ6.js:1:6880)
    at e.run (https://platform.thisisvillegas.com/polyfills-B6TNHZQ6.js:1:1770)
    at https://platform.thisisvillegas.com/polyfills-B6TNHZQ6.js:2:553
    at f.invokeTask (https://platform.thisisvillegas.com/polyfills-B6TNHZQ6.js:1:7505)
    at e.runTask (https://platform.thisisvillegas.com/polyfills-B6TNHZQ6.js:1:2410)
    at $ (https://platform.thisisvillegas.com/polyfills-B6TNHZQ6.js:1:9578) @ https://platform.thisisvillegas.com/chunk-D6U4BVXY.js:16
[ 1344506ms] [WARNING] Failed to load music audio: assets/audio/day-music.mp3 Error: Audio key "assets/audio/day-music.mp3" not found in cache
    at new initialize (https://platform.thisisvillegas.com/chunk-ZRDQEC65.js:64:29054)
    at initialize.add (https://platform.thisisvillegas.com/chunk-ZRDQEC65.js:64:38337)
    at kt.applyAudio (https://platform.thisisvillegas.com/chunk-ZRDQEC65.js:68:43861)
    at kt.applyTheme (https://platform.thisisvillegas.com/chunk-ZRDQEC65.js:68:41788)
    at ie.<anonymous> (https://platform.thisisvillegas.com/chunk-ZRDQEC65.js:68:58982)
    at Generator.next (<anonymous>)
    at i (https://platform.thisisvillegas.com/chunk-63LDI3ND.js:1:1115)
    at f.invoke (https://platform.thisisvillegas.com/polyfills-B6TNHZQ6.js:1:6880)
    at e.run (https://platform.thisisvillegas.com/polyfills-B6TNHZQ6.js:1:1770)
    at https://platform.thisisvillegas.com/polyfills-B6TNHZQ6.js:2:553
    at f.invokeTask (https://platform.thisisvillegas.com/polyfills-B6TNHZQ6.js:1:7505)
    at e.runTask (https://platform.thisisvillegas.com/polyfills-B6TNHZQ6.js:1:2410)
    at $ (https://platform.thisisvillegas.com/polyfills-B6TNHZQ6.js:1:9578) @ https://platform.thisisvillegas.com/chunk-D6U4BVXY.js:16
[ 1459484ms] [ERROR] Error saving progress: TypeError: Failed to fetch (api-pi.thisisvillegas.com)
    at https://platform.thisisvillegas.com/polyfills-B6TNHZQ6.js:2:3143
    at e.<computed> (https://platform.thisisvillegas.com/polyfills-B6TNHZQ6.js:1:14179)
    at https://platform.thisisvillegas.com/chunk-D6U4BVXY.js:17:6685
    at ie.<anonymous> (https://platform.thisisvillegas.com/chunk-ZRDQEC65.js:68:67671)
    at Generator.next (<anonymous>)
    at https://platform.thisisvillegas.com/chunk-63LDI3ND.js:1:1257
    at new M (https://platform.thisisvillegas.com/polyfills-B6TNHZQ6.js:2:2237)
    at ei (https://platform.thisisvillegas.com/chunk-63LDI3ND.js:1:1077)
    at ie.saveProgress (https://platform.thisisvillegas.com/chunk-ZRDQEC65.js:68:67221)
    at beforeUnloadHandler (https://platform.thisisvillegas.com/chunk-ZRDQEC65.js:68:68372)
    at f.invokeTask (https://platform.thisisvillegas.com/polyfills-B6TNHZQ6.js:1:7505)
    at e.runTask (https://platform.thisisvillegas.com/polyfills-B6TNHZQ6.js:1:2410)
    at g.invokeTask [as invoke] (https://platform.thisisvillegas.com/polyfills-B6TNHZQ6.js:1:8614)
    at L (https://platform.thisisvillegas.com/polyfills-B6TNHZQ6.js:1:15349)
    at H (https://platform.thisisvillegas.com/polyfills-B6TNHZQ6.js:1:15743)
    at z (https://platform.thisisvillegas.com/polyfills-B6TNHZQ6.js:1:15903) @ https://platform.thisisvillegas.com/chunk-D6U4BVXY.js:16
[ 1459484ms] [ERROR] Error saving progress: TypeError: Failed to fetch (api-pi.thisisvillegas.com)
    at https://platform.thisisvillegas.com/polyfills-B6TNHZQ6.js:2:3143
    at e.<computed> (https://platform.thisisvillegas.com/polyfills-B6TNHZQ6.js:1:14179)
    at https://platform.thisisvillegas.com/chunk-D6U4BVXY.js:17:6685
    at ie.<anonymous> (https://platform.thisisvillegas.com/chunk-ZRDQEC65.js:68:67671)
    at Generator.next (<anonymous>)
    at https://platform.thisisvillegas.com/chunk-63LDI3ND.js:1:1257
    at new M (https://platform.thisisvillegas.com/polyfills-B6TNHZQ6.js:2:2237)
    at ei (https://platform.thisisvillegas.com/chunk-63LDI3ND.js:1:1077)
    at ie.saveProgress (https://platform.thisisvillegas.com/chunk-ZRDQEC65.js:68:67221)
    at beforeUnloadHandler (https://platform.thisisvillegas.com/chunk-ZRDQEC65.js:68:68372)
    at f.invokeTask (https://platform.thisisvillegas.com/polyfills-B6TNHZQ6.js:1:7505)
    at e.runTask (https://platform.thisisvillegas.com/polyfills-B6TNHZQ6.js:1:2410)
    at g.invokeTask [as invoke] (https://platform.thisisvillegas.com/polyfills-B6TNHZQ6.js:1:8614)
    at L (https://platform.thisisvillegas.com/polyfills-B6TNHZQ6.js:1:15349)
    at H (https://platform.thisisvillegas.com/polyfills-B6TNHZQ6.js:1:15743)
    at z (https://platform.thisisvillegas.com/polyfills-B6TNHZQ6.js:1:15903) @ https://platform.thisisvillegas.com/chunk-D6U4BVXY.js:16
[ 1460166ms] [WARNING] Failed to load ambient audio: assets/audio/day-ambient.mp3 Error: Audio key "assets/audio/day-ambient.mp3" not found in cache
    at new initialize (https://platform.thisisvillegas.com/chunk-ZRDQEC65.js:64:29054)
    at initialize.add (https://platform.thisisvillegas.com/chunk-ZRDQEC65.js:64:38337)
    at kt.applyAudio (https://platform.thisisvillegas.com/chunk-ZRDQEC65.js:68:43607)
    at kt.applyTheme (https://platform.thisisvillegas.com/chunk-ZRDQEC65.js:68:41788)
    at ie.<anonymous> (https://platform.thisisvillegas.com/chunk-ZRDQEC65.js:68:58982)
    at Generator.next (<anonymous>)
    at i (https://platform.thisisvillegas.com/chunk-63LDI3ND.js:1:1115)
    at f.invoke (https://platform.thisisvillegas.com/polyfills-B6TNHZQ6.js:1:6880)
    at e.run (https://platform.thisisvillegas.com/polyfills-B6TNHZQ6.js:1:1770)
    at https://platform.thisisvillegas.com/polyfills-B6TNHZQ6.js:2:553
    at f.invokeTask (https://platform.thisisvillegas.com/polyfills-B6TNHZQ6.js:1:7505)
    at e.runTask (https://platform.thisisvillegas.com/polyfills-B6TNHZQ6.js:1:2410)
    at $ (https://platform.thisisvillegas.com/polyfills-B6TNHZQ6.js:1:9578) @ https://platform.thisisvillegas.com/chunk-D6U4BVXY.js:16
[ 1460166ms] [WARNING] Failed to load music audio: assets/audio/day-music.mp3 Error: Audio key "assets/audio/day-music.mp3" not found in cache
    at new initialize (https://platform.thisisvillegas.com/chunk-ZRDQEC65.js:64:29054)
    at initialize.add (https://platform.thisisvillegas.com/chunk-ZRDQEC65.js:64:38337)
    at kt.applyAudio (https://platform.thisisvillegas.com/chunk-ZRDQEC65.js:68:43861)
    at kt.applyTheme (https://platform.thisisvillegas.com/chunk-ZRDQEC65.js:68:41788)
    at ie.<anonymous> (https://platform.thisisvillegas.com/chunk-ZRDQEC65.js:68:58982)
    at Generator.next (<anonymous>)
    at i (https://platform.thisisvillegas.com/chunk-63LDI3ND.js:1:1115)
    at f.invoke (https://platform.thisisvillegas.com/polyfills-B6TNHZQ6.js:1:6880)
    at e.run (https://platform.thisisvillegas.com/polyfills-B6TNHZQ6.js:1:1770)
    at https://platform.thisisvillegas.com/polyfills-B6TNHZQ6.js:2:553
    at f.invokeTask (https://platform.thisisvillegas.com/polyfills-B6TNHZQ6.js:1:7505)
    at e.runTask (https://platform.thisisvillegas.com/polyfills-B6TNHZQ6.js:1:2410)
    at $ (https://platform.thisisvillegas.com/polyfills-B6TNHZQ6.js:1:9578) @ https://platform.thisisvillegas.com/chunk-D6U4BVXY.js:16
[ 3768855ms] [WARNING] Failed to load ambient audio: assets/audio/day-ambient.mp3 Error: Audio key "assets/audio/day-ambient.mp3" not found in cache
    at new initialize (https://platform.thisisvillegas.com/chunk-ZRDQEC65.js:64:29054)
    at initialize.add (https://platform.thisisvillegas.com/chunk-ZRDQEC65.js:64:38337)
    at kt.applyAudio (https://platform.thisisvillegas.com/chunk-ZRDQEC65.js:68:43607)
    at kt.applyTheme (https://platform.thisisvillegas.com/chunk-ZRDQEC65.js:68:41788)
    at ie.<anonymous> (https://platform.thisisvillegas.com/chunk-ZRDQEC65.js:68:58982)
    at Generator.next (<anonymous>)
    at i (https://platform.thisisvillegas.com/chunk-63LDI3ND.js:1:1115)
    at f.invoke (https://platform.thisisvillegas.com/polyfills-B6TNHZQ6.js:1:6880)
    at e.run (https://platform.thisisvillegas.com/polyfills-B6TNHZQ6.js:1:1770)
    at https://platform.thisisvillegas.com/polyfills-B6TNHZQ6.js:2:553
    at f.invokeTask (https://platform.thisisvillegas.com/polyfills-B6TNHZQ6.js:1:7505)
    at e.runTask (https://platform.thisisvillegas.com/polyfills-B6TNHZQ6.js:1:2410)
    at $ (https://platform.thisisvillegas.com/polyfills-B6TNHZQ6.js:1:9578) @ https://platform.thisisvillegas.com/chunk-D6U4BVXY.js:16
[ 3768856ms] [WARNING] Failed to load music audio: assets/audio/day-music.mp3 Error: Audio key "assets/audio/day-music.mp3" not found in cache
    at new initialize (https://platform.thisisvillegas.com/chunk-ZRDQEC65.js:64:29054)
    at initialize.add (https://platform.thisisvillegas.com/chunk-ZRDQEC65.js:64:38337)
    at kt.applyAudio (https://platform.thisisvillegas.com/chunk-ZRDQEC65.js:68:43861)
    at kt.applyTheme (https://platform.thisisvillegas.com/chunk-ZRDQEC65.js:68:41788)
    at ie.<anonymous> (https://platform.thisisvillegas.com/chunk-ZRDQEC65.js:68:58982)
    at Generator.next (<anonymous>)
    at i (https://platform.thisisvillegas.com/chunk-63LDI3ND.js:1:1115)
    at f.invoke (https://platform.thisisvillegas.com/polyfills-B6TNHZQ6.js:1:6880)
    at e.run (https://platform.thisisvillegas.com/polyfills-B6TNHZQ6.js:1:1770)
    at https://platform.thisisvillegas.com/polyfills-B6TNHZQ6.js:2:553
    at f.invokeTask (https://platform.thisisvillegas.com/polyfills-B6TNHZQ6.js:1:7505)
    at e.runTask (https://platform.thisisvillegas.com/polyfills-B6TNHZQ6.js:1:2410)
    at $ (https://platform.thisisvillegas.com/polyfills-B6TNHZQ6.js:1:9578) @ https://platform.thisisvillegas.com/chunk-D6U4BVXY.js:16
[ 3788223ms] [WARNING] Failed to load ambient audio: assets/audio/day-ambient.mp3 Error: Audio key "assets/audio/day-ambient.mp3" not found in cache
    at new initialize (https://platform.thisisvillegas.com/chunk-ZRDQEC65.js:64:29054)
    at initialize.add (https://platform.thisisvillegas.com/chunk-ZRDQEC65.js:64:38337)
    at kt.applyAudio (https://platform.thisisvillegas.com/chunk-ZRDQEC65.js:68:43607)
    at kt.applyTheme (https://platform.thisisvillegas.com/chunk-ZRDQEC65.js:68:41788)
    at ie.<anonymous> (https://platform.thisisvillegas.com/chunk-ZRDQEC65.js:68:58982)
    at Generator.next (<anonymous>)
    at i (https://platform.thisisvillegas.com/chunk-63LDI3ND.js:1:1115)
    at f.invoke (https://platform.thisisvillegas.com/polyfills-B6TNHZQ6.js:1:6880)
    at e.run (https://platform.thisisvillegas.com/polyfills-B6TNHZQ6.js:1:1770)
    at https://platform.thisisvillegas.com/polyfills-B6TNHZQ6.js:2:553
    at f.invokeTask (https://platform.thisisvillegas.com/polyfills-B6TNHZQ6.js:1:7505)
    at e.runTask (https://platform.thisisvillegas.com/polyfills-B6TNHZQ6.js:1:2410)
    at $ (https://platform.thisisvillegas.com/polyfills-B6TNHZQ6.js:1:9578) @ https://platform.thisisvillegas.com/chunk-D6U4BVXY.js:16
[ 3788223ms] [WARNING] Failed to load music audio: assets/audio/day-music.mp3 Error: Audio key "assets/audio/day-music.mp3" not found in cache
    at new initialize (https://platform.thisisvillegas.com/chunk-ZRDQEC65.js:64:29054)
    at initialize.add (https://platform.thisisvillegas.com/chunk-ZRDQEC65.js:64:38337)
    at kt.applyAudio (https://platform.thisisvillegas.com/chunk-ZRDQEC65.js:68:43861)
    at kt.applyTheme (https://platform.thisisvillegas.com/chunk-ZRDQEC65.js:68:41788)
    at ie.<anonymous> (https://platform.thisisvillegas.com/chunk-ZRDQEC65.js:68:58982)
    at Generator.next (<anonymous>)
    at i (https://platform.thisisvillegas.com/chunk-63LDI3ND.js:1:1115)
    at f.invoke (https://platform.thisisvillegas.com/polyfills-B6TNHZQ6.js:1:6880)
    at e.run (https://platform.thisisvillegas.com/polyfills-B6TNHZQ6.js:1:1770)
    at https://platform.thisisvillegas.com/polyfills-B6TNHZQ6.js:2:553
    at f.invokeTask (https://platform.thisisvillegas.com/polyfills-B6TNHZQ6.js:1:7505)
    at e.runTask (https://platform.thisisvillegas.com/polyfills-B6TNHZQ6.js:1:2410)
    at $ (https://platform.thisisvillegas.com/polyfills-B6TNHZQ6.js:1:9578) @ https://platform.thisisvillegas.com/chunk-D6U4BVXY.js:16
[ 3845456ms] [WARNING] Failed to load ambient audio: assets/audio/day-ambient.mp3 Error: Audio key "assets/audio/day-ambient.mp3" not found in cache
    at new initialize (https://platform.thisisvillegas.com/chunk-ZRDQEC65.js:64:29054)
    at initialize.add (https://platform.thisisvillegas.com/chunk-ZRDQEC65.js:64:38337)
    at kt.applyAudio (https://platform.thisisvillegas.com/chunk-ZRDQEC65.js:68:43607)
    at kt.applyTheme (https://platform.thisisvillegas.com/chunk-ZRDQEC65.js:68:41788)
    at ie.<anonymous> (https://platform.thisisvillegas.com/chunk-ZRDQEC65.js:68:58982)
    at Generator.next (<anonymous>)
    at i (https://platform.thisisvillegas.com/chunk-63LDI3ND.js:1:1115)
    at f.invoke (https://platform.thisisvillegas.com/polyfills-B6TNHZQ6.js:1:6880)
    at e.run (https://platform.thisisvillegas.com/polyfills-B6TNHZQ6.js:1:1770)
    at https://platform.thisisvillegas.com/polyfills-B6TNHZQ6.js:2:553
    at f.invokeTask (https://platform.thisisvillegas.com/polyfills-B6TNHZQ6.js:1:7505)
    at e.runTask (https://platform.thisisvillegas.com/polyfills-B6TNHZQ6.js:1:2410)
    at $ (https://platform.thisisvillegas.com/polyfills-B6TNHZQ6.js:1:9578) @ https://platform.thisisvillegas.com/chunk-D6U4BVXY.js:16
[ 3845456ms] [WARNING] Failed to load music audio: assets/audio/day-music.mp3 Error: Audio key "assets/audio/day-music.mp3" not found in cache
    at new initialize (https://platform.thisisvillegas.com/chunk-ZRDQEC65.js:64:29054)
    at initialize.add (https://platform.thisisvillegas.com/chunk-ZRDQEC65.js:64:38337)
    at kt.applyAudio (https://platform.thisisvillegas.com/chunk-ZRDQEC65.js:68:43861)
    at kt.applyTheme (https://platform.thisisvillegas.com/chunk-ZRDQEC65.js:68:41788)
    at ie.<anonymous> (https://platform.thisisvillegas.com/chunk-ZRDQEC65.js:68:58982)
    at Generator.next (<anonymous>)
    at i (https://platform.thisisvillegas.com/chunk-63LDI3ND.js:1:1115)
    at f.invoke (https://platform.thisisvillegas.com/polyfills-B6TNHZQ6.js:1:6880)
    at e.run (https://platform.thisisvillegas.com/polyfills-B6TNHZQ6.js:1:1770)
    at https://platform.thisisvillegas.com/polyfills-B6TNHZQ6.js:2:553
    at f.invokeTask (https://platform.thisisvillegas.com/polyfills-B6TNHZQ6.js:1:7505)
    at e.runTask (https://platform.thisisvillegas.com/polyfills-B6TNHZQ6.js:1:2410)
    at $ (https://platform.thisisvillegas.com/polyfills-B6TNHZQ6.js:1:9578) @ https://platform.thisisvillegas.com/chunk-D6U4BVXY.js:16
[ 3859836ms] [WARNING] Failed to load ambient audio: assets/audio/day-ambient.mp3 Error: Audio key "assets/audio/day-ambient.mp3" not found in cache
    at new initialize (https://platform.thisisvillegas.com/chunk-ZRDQEC65.js:64:29054)
    at initialize.add (https://platform.thisisvillegas.com/chunk-ZRDQEC65.js:64:38337)
    at kt.applyAudio (https://platform.thisisvillegas.com/chunk-ZRDQEC65.js:68:43607)
    at kt.applyTheme (https://platform.thisisvillegas.com/chunk-ZRDQEC65.js:68:41788)
    at ie.<anonymous> (https://platform.thisisvillegas.com/chunk-ZRDQEC65.js:68:58982)
    at Generator.next (<anonymous>)
    at i (https://platform.thisisvillegas.com/chunk-63LDI3ND.js:1:1115)
    at f.invoke (https://platform.thisisvillegas.com/polyfills-B6TNHZQ6.js:1:6880)
    at e.run (https://platform.thisisvillegas.com/polyfills-B6TNHZQ6.js:1:1770)
    at https://platform.thisisvillegas.com/polyfills-B6TNHZQ6.js:2:553
    at f.invokeTask (https://platform.thisisvillegas.com/polyfills-B6TNHZQ6.js:1:7505)
    at e.runTask (https://platform.thisisvillegas.com/polyfills-B6TNHZQ6.js:1:2410)
    at $ (https://platform.thisisvillegas.com/polyfills-B6TNHZQ6.js:1:9578) @ https://platform.thisisvillegas.com/chunk-D6U4BVXY.js:16
[ 3859836ms] [WARNING] Failed to load music audio: assets/audio/day-music.mp3 Error: Audio key "assets/audio/day-music.mp3" not found in cache
    at new initialize (https://platform.thisisvillegas.com/chunk-ZRDQEC65.js:64:29054)
    at initialize.add (https://platform.thisisvillegas.com/chunk-ZRDQEC65.js:64:38337)
    at kt.applyAudio (https://platform.thisisvillegas.com/chunk-ZRDQEC65.js:68:43861)
    at kt.applyTheme (https://platform.thisisvillegas.com/chunk-ZRDQEC65.js:68:41788)
    at ie.<anonymous> (https://platform.thisisvillegas.com/chunk-ZRDQEC65.js:68:58982)
    at Generator.next (<anonymous>)
    at i (https://platform.thisisvillegas.com/chunk-63LDI3ND.js:1:1115)
    at f.invoke (https://platform.thisisvillegas.com/polyfills-B6TNHZQ6.js:1:6880)
    at e.run (https://platform.thisisvillegas.com/polyfills-B6TNHZQ6.js:1:1770)
    at https://platform.thisisvillegas.com/polyfills-B6TNHZQ6.js:2:553
    at f.invokeTask (https://platform.thisisvillegas.com/polyfills-B6TNHZQ6.js:1:7505)
    at e.runTask (https://platform.thisisvillegas.com/polyfills-B6TNHZQ6.js:1:2410)
    at $ (https://platform.thisisvillegas.com/polyfills-B6TNHZQ6.js:1:9578) @ https://platform.thisisvillegas.com/chunk-D6U4BVXY.js:16
[ 3907047ms] [WARNING] Failed to load ambient audio: assets/audio/day-ambient.mp3 Error: Audio key "assets/audio/day-ambient.mp3" not found in cache
    at new initialize (https://platform.thisisvillegas.com/chunk-ZRDQEC65.js:64:29054)
    at initialize.add (https://platform.thisisvillegas.com/chunk-ZRDQEC65.js:64:38337)
    at kt.applyAudio (https://platform.thisisvillegas.com/chunk-ZRDQEC65.js:68:43607)
    at kt.applyTheme (https://platform.thisisvillegas.com/chunk-ZRDQEC65.js:68:41788)
    at ie.<anonymous> (https://platform.thisisvillegas.com/chunk-ZRDQEC65.js:68:58982)
    at Generator.next (<anonymous>)
    at i (https://platform.thisisvillegas.com/chunk-63LDI3ND.js:1:1115)
    at f.invoke (https://platform.thisisvillegas.com/polyfills-B6TNHZQ6.js:1:6880)
    at e.run (https://platform.thisisvillegas.com/polyfills-B6TNHZQ6.js:1:1770)
    at https://platform.thisisvillegas.com/polyfills-B6TNHZQ6.js:2:553
    at f.invokeTask (https://platform.thisisvillegas.com/polyfills-B6TNHZQ6.js:1:7505)
    at e.runTask (https://platform.thisisvillegas.com/polyfills-B6TNHZQ6.js:1:2410)
    at $ (https://platform.thisisvillegas.com/polyfills-B6TNHZQ6.js:1:9578) @ https://platform.thisisvillegas.com/chunk-D6U4BVXY.js:16
[ 3907047ms] [WARNING] Failed to load music audio: assets/audio/day-music.mp3 Error: Audio key "assets/audio/day-music.mp3" not found in cache
    at new initialize (https://platform.thisisvillegas.com/chunk-ZRDQEC65.js:64:29054)
    at initialize.add (https://platform.thisisvillegas.com/chunk-ZRDQEC65.js:64:38337)
    at kt.applyAudio (https://platform.thisisvillegas.com/chunk-ZRDQEC65.js:68:43861)
    at kt.applyTheme (https://platform.thisisvillegas.com/chunk-ZRDQEC65.js:68:41788)
    at ie.<anonymous> (https://platform.thisisvillegas.com/chunk-ZRDQEC65.js:68:58982)
    at Generator.next (<anonymous>)
    at i (https://platform.thisisvillegas.com/chunk-63LDI3ND.js:1:1115)
    at f.invoke (https://platform.thisisvillegas.com/polyfills-B6TNHZQ6.js:1:6880)
    at e.run (https://platform.thisisvillegas.com/polyfills-B6TNHZQ6.js:1:1770)
    at https://platform.thisisvillegas.com/polyfills-B6TNHZQ6.js:2:553
    at f.invokeTask (https://platform.thisisvillegas.com/polyfills-B6TNHZQ6.js:1:7505)
    at e.runTask (https://platform.thisisvillegas.com/polyfills-B6TNHZQ6.js:1:2410)
    at $ (https://platform.thisisvillegas.com/polyfills-B6TNHZQ6.js:1:9578) @ https://platform.thisisvillegas.com/chunk-D6U4BVXY.js:16
[ 4383499ms] [WARNING] Failed to load ambient audio: assets/audio/day-ambient.mp3 Error: Audio key "assets/audio/day-ambient.mp3" not found in cache
    at new initialize (https://platform.thisisvillegas.com/chunk-ZRDQEC65.js:64:29054)
    at initialize.add (https://platform.thisisvillegas.com/chunk-ZRDQEC65.js:64:38337)
    at kt.applyAudio (https://platform.thisisvillegas.com/chunk-ZRDQEC65.js:68:43607)
    at kt.applyTheme (https://platform.thisisvillegas.com/chunk-ZRDQEC65.js:68:41788)
    at ie.<anonymous> (https://platform.thisisvillegas.com/chunk-ZRDQEC65.js:68:58982)
    at Generator.next (<anonymous>)
    at i (https://platform.thisisvillegas.com/chunk-63LDI3ND.js:1:1115)
    at f.invoke (https://platform.thisisvillegas.com/polyfills-B6TNHZQ6.js:1:6880)
    at e.run (https://platform.thisisvillegas.com/polyfills-B6TNHZQ6.js:1:1770)
    at https://platform.thisisvillegas.com/polyfills-B6TNHZQ6.js:2:553
    at f.invokeTask (https://platform.thisisvillegas.com/polyfills-B6TNHZQ6.js:1:7505)
    at e.runTask (https://platform.thisisvillegas.com/polyfills-B6TNHZQ6.js:1:2410)
    at $ (https://platform.thisisvillegas.com/polyfills-B6TNHZQ6.js:1:9578) @ https://platform.thisisvillegas.com/chunk-D6U4BVXY.js:16
[ 4383499ms] [WARNING] Failed to load music audio: assets/audio/day-music.mp3 Error: Audio key "assets/audio/day-music.mp3" not found in cache
    at new initialize (https://platform.thisisvillegas.com/chunk-ZRDQEC65.js:64:29054)
    at initialize.add (https://platform.thisisvillegas.com/chunk-ZRDQEC65.js:64:38337)
    at kt.applyAudio (https://platform.thisisvillegas.com/chunk-ZRDQEC65.js:68:43861)
    at kt.applyTheme (https://platform.thisisvillegas.com/chunk-ZRDQEC65.js:68:41788)
    at ie.<anonymous> (https://platform.thisisvillegas.com/chunk-ZRDQEC65.js:68:58982)
    at Generator.next (<anonymous>)
    at i (https://platform.thisisvillegas.com/chunk-63LDI3ND.js:1:1115)
    at f.invoke (https://platform.thisisvillegas.com/polyfills-B6TNHZQ6.js:1:6880)
    at e.run (https://platform.thisisvillegas.com/polyfills-B6TNHZQ6.js:1:1770)
    at https://platform.thisisvillegas.com/polyfills-B6TNHZQ6.js:2:553
    at f.invokeTask (https://platform.thisisvillegas.com/polyfills-B6TNHZQ6.js:1:7505)
    at e.runTask (https://platform.thisisvillegas.com/polyfills-B6TNHZQ6.js:1:2410)
    at $ (https://platform.thisisvillegas.com/polyfills-B6TNHZQ6.js:1:9578) @ https://platform.thisisvillegas.com/chunk-D6U4BVXY.js:16
[ 4400008ms] [WARNING] Failed to load ambient audio: assets/audio/night-ambient.mp3 Error: Audio key "assets/audio/night-ambient.mp3" not found in cache
    at new initialize (https://platform.thisisvillegas.com/chunk-ZRDQEC65.js:64:29054)
    at initialize.add (https://platform.thisisvillegas.com/chunk-ZRDQEC65.js:64:38337)
    at kt.applyAudio (https://platform.thisisvillegas.com/chunk-ZRDQEC65.js:68:43607)
    at kt.applyTheme (https://platform.thisisvillegas.com/chunk-ZRDQEC65.js:68:41788)
    at kt.<anonymous> (https://platform.thisisvillegas.com/chunk-ZRDQEC65.js:68:44313)
    at Generator.next (<anonymous>)
    at i (https://platform.thisisvillegas.com/chunk-63LDI3ND.js:1:1115)
    at f.invoke (https://platform.thisisvillegas.com/polyfills-B6TNHZQ6.js:1:6880)
    at e.run (https://platform.thisisvillegas.com/polyfills-B6TNHZQ6.js:1:1770)
    at https://platform.thisisvillegas.com/polyfills-B6TNHZQ6.js:2:553
    at f.invokeTask (https://platform.thisisvillegas.com/polyfills-B6TNHZQ6.js:1:7505)
    at e.runTask (https://platform.thisisvillegas.com/polyfills-B6TNHZQ6.js:1:2410)
    at $ (https://platform.thisisvillegas.com/polyfills-B6TNHZQ6.js:1:9578) @ https://platform.thisisvillegas.com/chunk-D6U4BVXY.js:16
[ 4400008ms] [WARNING] Failed to load music audio: assets/audio/night-music.mp3 Error: Audio key "assets/audio/night-music.mp3" not found in cache
    at new initialize (https://platform.thisisvillegas.com/chunk-ZRDQEC65.js:64:29054)
    at initialize.add (https://platform.thisisvillegas.com/chunk-ZRDQEC65.js:64:38337)
    at kt.applyAudio (https://platform.thisisvillegas.com/chunk-ZRDQEC65.js:68:43861)
    at kt.applyTheme (https://platform.thisisvillegas.com/chunk-ZRDQEC65.js:68:41788)
    at kt.<anonymous> (https://platform.thisisvillegas.com/chunk-ZRDQEC65.js:68:44313)
    at Generator.next (<anonymous>)
    at i (https://platform.thisisvillegas.com/chunk-63LDI3ND.js:1:1115)
    at f.invoke (https://platform.thisisvillegas.com/polyfills-B6TNHZQ6.js:1:6880)
    at e.run (https://platform.thisisvillegas.com/polyfills-B6TNHZQ6.js:1:1770)
    at https://platform.thisisvillegas.com/polyfills-B6TNHZQ6.js:2:553
    at f.invokeTask (https://platform.thisisvillegas.com/polyfills-B6TNHZQ6.js:1:7505)
    at e.runTask (https://platform.thisisvillegas.com/polyfills-B6TNHZQ6.js:1:2410)
    at $ (https://platform.thisisvillegas.com/polyfills-B6TNHZQ6.js:1:9578) @ https://platform.thisisvillegas.com/chunk-D6U4BVXY.js:16
[ 4400615ms] [WARNING] Decoration layer not found: valentine-decorations @ https://platform.thisisvillegas.com/chunk-D6U4BVXY.js:16
[ 4400615ms] [WARNING] Failed to load ambient audio: assets/audio/valentine-ambient.mp3 Error: Audio key "assets/audio/valentine-ambient.mp3" not found in cache
    at new initialize (https://platform.thisisvillegas.com/chunk-ZRDQEC65.js:64:29054)
    at initialize.add (https://platform.thisisvillegas.com/chunk-ZRDQEC65.js:64:38337)
    at kt.applyAudio (https://platform.thisisvillegas.com/chunk-ZRDQEC65.js:68:43607)
    at kt.applyTheme (https://platform.thisisvillegas.com/chunk-ZRDQEC65.js:68:41788)
    at kt.<anonymous> (https://platform.thisisvillegas.com/chunk-ZRDQEC65.js:68:44313)
    at Generator.next (<anonymous>)
    at i (https://platform.thisisvillegas.com/chunk-63LDI3ND.js:1:1115)
    at f.invoke (https://platform.thisisvillegas.com/polyfills-B6TNHZQ6.js:1:6880)
    at e.run (https://platform.thisisvillegas.com/polyfills-B6TNHZQ6.js:1:1770)
    at https://platform.thisisvillegas.com/polyfills-B6TNHZQ6.js:2:553
    at f.invokeTask (https://platform.thisisvillegas.com/polyfills-B6TNHZQ6.js:1:7505)
    at e.runTask (https://platform.thisisvillegas.com/polyfills-B6TNHZQ6.js:1:2410)
    at $ (https://platform.thisisvillegas.com/polyfills-B6TNHZQ6.js:1:9578) @ https://platform.thisisvillegas.com/chunk-D6U4BVXY.js:16
[ 4400615ms] [WARNING] Failed to load music audio: assets/audio/valentine-music.mp3 Error: Audio key "assets/audio/valentine-music.mp3" not found in cache
    at new initialize (https://platform.thisisvillegas.com/chunk-ZRDQEC65.js:64:29054)
    at initialize.add (https://platform.thisisvillegas.com/chunk-ZRDQEC65.js:64:38337)
    at kt.applyAudio (https://platform.thisisvillegas.com/chunk-ZRDQEC65.js:68:43861)
    at kt.applyTheme (https://platform.thisisvillegas.com/chunk-ZRDQEC65.js:68:41788)
    at kt.<anonymous> (https://platform.thisisvillegas.com/chunk-ZRDQEC65.js:68:44313)
    at Generator.next (<anonymous>)
    at i (https://platform.thisisvillegas.com/chunk-63LDI3ND.js:1:1115)
    at f.invoke (https://platform.thisisvillegas.com/polyfills-B6TNHZQ6.js:1:6880)
    at e.run (https://platform.thisisvillegas.com/polyfills-B6TNHZQ6.js:1:1770)
    at https://platform.thisisvillegas.com/polyfills-B6TNHZQ6.js:2:553
    at f.invokeTask (https://platform.thisisvillegas.com/polyfills-B6TNHZQ6.js:1:7505)
    at e.runTask (https://platform.thisisvillegas.com/polyfills-B6TNHZQ6.js:1:2410)
    at $ (https://platform.thisisvillegas.com/polyfills-B6TNHZQ6.js:1:9578) @ https://platform.thisisvillegas.com/chunk-D6U4BVXY.js:16
[ 4402445ms] [WARNING] Decoration layer not found: christmas-decorations @ https://platform.thisisvillegas.com/chunk-D6U4BVXY.js:16
[ 4402445ms] [WARNING] Failed to load ambient audio: assets/audio/christmas-ambient.mp3 Error: Audio key "assets/audio/christmas-ambient.mp3" not found in cache
    at new initialize (https://platform.thisisvillegas.com/chunk-ZRDQEC65.js:64:29054)
    at initialize.add (https://platform.thisisvillegas.com/chunk-ZRDQEC65.js:64:38337)
    at kt.applyAudio (https://platform.thisisvillegas.com/chunk-ZRDQEC65.js:68:43607)
    at kt.applyTheme (https://platform.thisisvillegas.com/chunk-ZRDQEC65.js:68:41788)
    at kt.<anonymous> (https://platform.thisisvillegas.com/chunk-ZRDQEC65.js:68:44313)
    at Generator.next (<anonymous>)
    at i (https://platform.thisisvillegas.com/chunk-63LDI3ND.js:1:1115)
    at f.invoke (https://platform.thisisvillegas.com/polyfills-B6TNHZQ6.js:1:6880)
    at e.run (https://platform.thisisvillegas.com/polyfills-B6TNHZQ6.js:1:1770)
    at https://platform.thisisvillegas.com/polyfills-B6TNHZQ6.js:2:553
    at f.invokeTask (https://platform.thisisvillegas.com/polyfills-B6TNHZQ6.js:1:7505)
    at e.runTask (https://platform.thisisvillegas.com/polyfills-B6TNHZQ6.js:1:2410)
    at $ (https://platform.thisisvillegas.com/polyfills-B6TNHZQ6.js:1:9578) @ https://platform.thisisvillegas.com/chunk-D6U4BVXY.js:16
[ 4402445ms] [WARNING] Failed to load music audio: assets/audio/christmas-music.mp3 Error: Audio key "assets/audio/christmas-music.mp3" not found in cache
    at new initialize (https://platform.thisisvillegas.com/chunk-ZRDQEC65.js:64:29054)
    at initialize.add (https://platform.thisisvillegas.com/chunk-ZRDQEC65.js:64:38337)
    at kt.applyAudio (https://platform.thisisvillegas.com/chunk-ZRDQEC65.js:68:43861)
    at kt.applyTheme (https://platform.thisisvillegas.com/chunk-ZRDQEC65.js:68:41788)
    at kt.<anonymous> (https://platform.thisisvillegas.com/chunk-ZRDQEC65.js:68:44313)
    at Generator.next (<anonymous>)
    at i (https://platform.thisisvillegas.com/chunk-63LDI3ND.js:1:1115)
    at f.invoke (https://platform.thisisvillegas.com/polyfills-B6TNHZQ6.js:1:6880)
    at e.run (https://platform.thisisvillegas.com/polyfills-B6TNHZQ6.js:1:1770)
    at https://platform.thisisvillegas.com/polyfills-B6TNHZQ6.js:2:553
    at f.invokeTask (https://platform.thisisvillegas.com/polyfills-B6TNHZQ6.js:1:7505)
    at e.runTask (https://platform.thisisvillegas.com/polyfills-B6TNHZQ6.js:1:2410)
    at $ (https://platform.thisisvillegas.com/polyfills-B6TNHZQ6.js:1:9578) @ https://platform.thisisvillegas.com/chunk-D6U4BVXY.js:16
[ 4403320ms] [WARNING] Decoration layer not found: autumn-decorations @ https://platform.thisisvillegas.com/chunk-D6U4BVXY.js:16
[ 4403320ms] [WARNING] Failed to load ambient audio: assets/audio/autumn-ambient.mp3 Error: Audio key "assets/audio/autumn-ambient.mp3" not found in cache
    at new initialize (https://platform.thisisvillegas.com/chunk-ZRDQEC65.js:64:29054)
    at initialize.add (https://platform.thisisvillegas.com/chunk-ZRDQEC65.js:64:38337)
    at kt.applyAudio (https://platform.thisisvillegas.com/chunk-ZRDQEC65.js:68:43607)
    at kt.applyTheme (https://platform.thisisvillegas.com/chunk-ZRDQEC65.js:68:41788)
    at kt.<anonymous> (https://platform.thisisvillegas.com/chunk-ZRDQEC65.js:68:44313)
    at Generator.next (<anonymous>)
    at i (https://platform.thisisvillegas.com/chunk-63LDI3ND.js:1:1115)
    at f.invoke (https://platform.thisisvillegas.com/polyfills-B6TNHZQ6.js:1:6880)
    at e.run (https://platform.thisisvillegas.com/polyfills-B6TNHZQ6.js:1:1770)
    at https://platform.thisisvillegas.com/polyfills-B6TNHZQ6.js:2:553
    at f.invokeTask (https://platform.thisisvillegas.com/polyfills-B6TNHZQ6.js:1:7505)
    at e.runTask (https://platform.thisisvillegas.com/polyfills-B6TNHZQ6.js:1:2410)
    at $ (https://platform.thisisvillegas.com/polyfills-B6TNHZQ6.js:1:9578) @ https://platform.thisisvillegas.com/chunk-D6U4BVXY.js:16
[ 4403320ms] [WARNING] Failed to load music audio: assets/audio/autumn-music.mp3 Error: Audio key "assets/audio/autumn-music.mp3" not found in cache
    at new initialize (https://platform.thisisvillegas.com/chunk-ZRDQEC65.js:64:29054)
    at initialize.add (https://platform.thisisvillegas.com/chunk-ZRDQEC65.js:64:38337)
    at kt.applyAudio (https://platform.thisisvillegas.com/chunk-ZRDQEC65.js:68:43861)
    at kt.applyTheme (https://platform.thisisvillegas.com/chunk-ZRDQEC65.js:68:41788)
    at kt.<anonymous> (https://platform.thisisvillegas.com/chunk-ZRDQEC65.js:68:44313)
    at Generator.next (<anonymous>)
    at i (https://platform.thisisvillegas.com/chunk-63LDI3ND.js:1:1115)
    at f.invoke (https://platform.thisisvillegas.com/polyfills-B6TNHZQ6.js:1:6880)
    at e.run (https://platform.thisisvillegas.com/polyfills-B6TNHZQ6.js:1:1770)
    at https://platform.thisisvillegas.com/polyfills-B6TNHZQ6.js:2:553
    at f.invokeTask (https://platform.thisisvillegas.com/polyfills-B6TNHZQ6.js:1:7505)
    at e.runTask (https://platform.thisisvillegas.com/polyfills-B6TNHZQ6.js:1:2410)
    at $ (https://platform.thisisvillegas.com/polyfills-B6TNHZQ6.js:1:9578) @ https://platform.thisisvillegas.com/chunk-D6U4BVXY.js:16
[ 4404482ms] [WARNING] Decoration layer not found: halloween-decorations @ https://platform.thisisvillegas.com/chunk-D6U4BVXY.js:16
[ 4404482ms] [WARNING] Failed to load ambient audio: assets/audio/halloween-ambient.mp3 Error: Audio key "assets/audio/halloween-ambient.mp3" not found in cache
    at new initialize (https://platform.thisisvillegas.com/chunk-ZRDQEC65.js:64:29054)
    at initialize.add (https://platform.thisisvillegas.com/chunk-ZRDQEC65.js:64:38337)
    at kt.applyAudio (https://platform.thisisvillegas.com/chunk-ZRDQEC65.js:68:43607)
    at kt.applyTheme (https://platform.thisisvillegas.com/chunk-ZRDQEC65.js:68:41788)
    at kt.<anonymous> (https://platform.thisisvillegas.com/chunk-ZRDQEC65.js:68:44313)
    at Generator.next (<anonymous>)
    at i (https://platform.thisisvillegas.com/chunk-63LDI3ND.js:1:1115)
    at f.invoke (https://platform.thisisvillegas.com/polyfills-B6TNHZQ6.js:1:6880)
    at e.run (https://platform.thisisvillegas.com/polyfills-B6TNHZQ6.js:1:1770)
    at https://platform.thisisvillegas.com/polyfills-B6TNHZQ6.js:2:553
    at f.invokeTask (https://platform.thisisvillegas.com/polyfills-B6TNHZQ6.js:1:7505)
    at e.runTask (https://platform.thisisvillegas.com/polyfills-B6TNHZQ6.js:1:2410)
    at $ (https://platform.thisisvillegas.com/polyfills-B6TNHZQ6.js:1:9578) @ https://platform.thisisvillegas.com/chunk-D6U4BVXY.js:16
[ 4404482ms] [WARNING] Failed to load music audio: assets/audio/halloween-music.mp3 Error: Audio key "assets/audio/halloween-music.mp3" not found in cache
    at new initialize (https://platform.thisisvillegas.com/chunk-ZRDQEC65.js:64:29054)
    at initialize.add (https://platform.thisisvillegas.com/chunk-ZRDQEC65.js:64:38337)
    at kt.applyAudio (https://platform.thisisvillegas.com/chunk-ZRDQEC65.js:68:43861)
    at kt.applyTheme (https://platform.thisisvillegas.com/chunk-ZRDQEC65.js:68:41788)
    at kt.<anonymous> (https://platform.thisisvillegas.com/chunk-ZRDQEC65.js:68:44313)
    at Generator.next (<anonymous>)
    at i (https://platform.thisisvillegas.com/chunk-63LDI3ND.js:1:1115)
    at f.invoke (https://platform.thisisvillegas.com/polyfills-B6TNHZQ6.js:1:6880)
    at e.run (https://platform.thisisvillegas.com/polyfills-B6TNHZQ6.js:1:1770)
    at https://platform.thisisvillegas.com/polyfills-B6TNHZQ6.js:2:553
    at f.invokeTask (https://platform.thisisvillegas.com/polyfills-B6TNHZQ6.js:1:7505)
    at e.runTask (https://platform.thisisvillegas.com/polyfills-B6TNHZQ6.js:1:2410)
    at $ (https://platform.thisisvillegas.com/polyfills-B6TNHZQ6.js:1:9578) @ https://platform.thisisvillegas.com/chunk-D6U4BVXY.js:16
[ 4405312ms] [WARNING] Failed to load ambient audio: assets/audio/day-ambient.mp3 Error: Audio key "assets/audio/day-ambient.mp3" not found in cache
    at new initialize (https://platform.thisisvillegas.com/chunk-ZRDQEC65.js:64:29054)
    at initialize.add (https://platform.thisisvillegas.com/chunk-ZRDQEC65.js:64:38337)
    at kt.applyAudio (https://platform.thisisvillegas.com/chunk-ZRDQEC65.js:68:43607)
    at kt.applyTheme (https://platform.thisisvillegas.com/chunk-ZRDQEC65.js:68:41788)
    at kt.<anonymous> (https://platform.thisisvillegas.com/chunk-ZRDQEC65.js:68:44313)
    at Generator.next (<anonymous>)
    at i (https://platform.thisisvillegas.com/chunk-63LDI3ND.js:1:1115)
    at f.invoke (https://platform.thisisvillegas.com/polyfills-B6TNHZQ6.js:1:6880)
    at e.run (https://platform.thisisvillegas.com/polyfills-B6TNHZQ6.js:1:1770)
    at https://platform.thisisvillegas.com/polyfills-B6TNHZQ6.js:2:553
    at f.invokeTask (https://platform.thisisvillegas.com/polyfills-B6TNHZQ6.js:1:7505)
    at e.runTask (https://platform.thisisvillegas.com/polyfills-B6TNHZQ6.js:1:2410)
    at $ (https://platform.thisisvillegas.com/polyfills-B6TNHZQ6.js:1:9578) @ https://platform.thisisvillegas.com/chunk-D6U4BVXY.js:16
[ 4405312ms] [WARNING] Failed to load music audio: assets/audio/day-music.mp3 Error: Audio key "assets/audio/day-music.mp3" not found in cache
    at new initialize (https://platform.thisisvillegas.com/chunk-ZRDQEC65.js:64:29054)
    at initialize.add (https://platform.thisisvillegas.com/chunk-ZRDQEC65.js:64:38337)
    at kt.applyAudio (https://platform.thisisvillegas.com/chunk-ZRDQEC65.js:68:43861)
    at kt.applyTheme (https://platform.thisisvillegas.com/chunk-ZRDQEC65.js:68:41788)
    at kt.<anonymous> (https://platform.thisisvillegas.com/chunk-ZRDQEC65.js:68:44313)
    at Generator.next (<anonymous>)
    at i (https://platform.thisisvillegas.com/chunk-63LDI3ND.js:1:1115)
    at f.invoke (https://platform.thisisvillegas.com/polyfills-B6TNHZQ6.js:1:6880)
    at e.run (https://platform.thisisvillegas.com/polyfills-B6TNHZQ6.js:1:1770)
    at https://platform.thisisvillegas.com/polyfills-B6TNHZQ6.js:2:553
    at f.invokeTask (https://platform.thisisvillegas.com/polyfills-B6TNHZQ6.js:1:7505)
    at e.runTask (https://platform.thisisvillegas.com/polyfills-B6TNHZQ6.js:1:2410)
    at $ (https://platform.thisisvillegas.com/polyfills-B6TNHZQ6.js:1:9578) @ https://platform.thisisvillegas.com/chunk-D6U4BVXY.js:16
[ 4405827ms] [WARNING] Failed to load ambient audio: assets/audio/night-ambient.mp3 Error: Audio key "assets/audio/night-ambient.mp3" not found in cache
    at new initialize (https://platform.thisisvillegas.com/chunk-ZRDQEC65.js:64:29054)
    at initialize.add (https://platform.thisisvillegas.com/chunk-ZRDQEC65.js:64:38337)
    at kt.applyAudio (https://platform.thisisvillegas.com/chunk-ZRDQEC65.js:68:43607)
    at kt.applyTheme (https://platform.thisisvillegas.com/chunk-ZRDQEC65.js:68:41788)
    at kt.<anonymous> (https://platform.thisisvillegas.com/chunk-ZRDQEC65.js:68:44313)
    at Generator.next (<anonymous>)
    at i (https://platform.thisisvillegas.com/chunk-63LDI3ND.js:1:1115)
    at f.invoke (https://platform.thisisvillegas.com/polyfills-B6TNHZQ6.js:1:6880)
    at e.run (https://platform.thisisvillegas.com/polyfills-B6TNHZQ6.js:1:1770)
    at https://platform.thisisvillegas.com/polyfills-B6TNHZQ6.js:2:553
    at f.invokeTask (https://platform.thisisvillegas.com/polyfills-B6TNHZQ6.js:1:7505)
    at e.runTask (https://platform.thisisvillegas.com/polyfills-B6TNHZQ6.js:1:2410)
    at $ (https://platform.thisisvillegas.com/polyfills-B6TNHZQ6.js:1:9578) @ https://platform.thisisvillegas.com/chunk-D6U4BVXY.js:16
[ 4405827ms] [WARNING] Failed to load music audio: assets/audio/night-music.mp3 Error: Audio key "assets/audio/night-music.mp3" not found in cache
    at new initialize (https://platform.thisisvillegas.com/chunk-ZRDQEC65.js:64:29054)
    at initialize.add (https://platform.thisisvillegas.com/chunk-ZRDQEC65.js:64:38337)
    at kt.applyAudio (https://platform.thisisvillegas.com/chunk-ZRDQEC65.js:68:43861)
    at kt.applyTheme (https://platform.thisisvillegas.com/chunk-ZRDQEC65.js:68:41788)
    at kt.<anonymous> (https://platform.thisisvillegas.com/chunk-ZRDQEC65.js:68:44313)
    at Generator.next (<anonymous>)
    at i (https://platform.thisisvillegas.com/chunk-63LDI3ND.js:1:1115)
    at f.invoke (https://platform.thisisvillegas.com/polyfills-B6TNHZQ6.js:1:6880)
    at e.run (https://platform.thisisvillegas.com/polyfills-B6TNHZQ6.js:1:1770)
    at https://platform.thisisvillegas.com/polyfills-B6TNHZQ6.js:2:553
    at f.invokeTask (https://platform.thisisvillegas.com/polyfills-B6TNHZQ6.js:1:7505)
    at e.runTask (https://platform.thisisvillegas.com/polyfills-B6TNHZQ6.js:1:2410)
    at $ (https://platform.thisisvillegas.com/polyfills-B6TNHZQ6.js:1:9578) @ https://platform.thisisvillegas.com/chunk-D6U4BVXY.js:16
[ 4406285ms] [WARNING] Decoration layer not found: valentine-decorations @ https://platform.thisisvillegas.com/chunk-D6U4BVXY.js:16
[ 4406286ms] [WARNING] Failed to load ambient audio: assets/audio/valentine-ambient.mp3 Error: Audio key "assets/audio/valentine-ambient.mp3" not found in cache
    at new initialize (https://platform.thisisvillegas.com/chunk-ZRDQEC65.js:64:29054)
    at initialize.add (https://platform.thisisvillegas.com/chunk-ZRDQEC65.js:64:38337)
    at kt.applyAudio (https://platform.thisisvillegas.com/chunk-ZRDQEC65.js:68:43607)
    at kt.applyTheme (https://platform.thisisvillegas.com/chunk-ZRDQEC65.js:68:41788)
    at kt.<anonymous> (https://platform.thisisvillegas.com/chunk-ZRDQEC65.js:68:44313)
    at Generator.next (<anonymous>)
    at i (https://platform.thisisvillegas.com/chunk-63LDI3ND.js:1:1115)
    at f.invoke (https://platform.thisisvillegas.com/polyfills-B6TNHZQ6.js:1:6880)
    at e.run (https://platform.thisisvillegas.com/polyfills-B6TNHZQ6.js:1:1770)
    at https://platform.thisisvillegas.com/polyfills-B6TNHZQ6.js:2:553
    at f.invokeTask (https://platform.thisisvillegas.com/polyfills-B6TNHZQ6.js:1:7505)
    at e.runTask (https://platform.thisisvillegas.com/polyfills-B6TNHZQ6.js:1:2410)
    at $ (https://platform.thisisvillegas.com/polyfills-B6TNHZQ6.js:1:9578) @ https://platform.thisisvillegas.com/chunk-D6U4BVXY.js:16
[ 4406286ms] [WARNING] Failed to load music audio: assets/audio/valentine-music.mp3 Error: Audio key "assets/audio/valentine-music.mp3" not found in cache
    at new initialize (https://platform.thisisvillegas.com/chunk-ZRDQEC65.js:64:29054)
    at initialize.add (https://platform.thisisvillegas.com/chunk-ZRDQEC65.js:64:38337)
    at kt.applyAudio (https://platform.thisisvillegas.com/chunk-ZRDQEC65.js:68:43861)
    at kt.applyTheme (https://platform.thisisvillegas.com/chunk-ZRDQEC65.js:68:41788)
    at kt.<anonymous> (https://platform.thisisvillegas.com/chunk-ZRDQEC65.js:68:44313)
    at Generator.next (<anonymous>)
    at i (https://platform.thisisvillegas.com/chunk-63LDI3ND.js:1:1115)
    at f.invoke (https://platform.thisisvillegas.com/polyfills-B6TNHZQ6.js:1:6880)
    at e.run (https://platform.thisisvillegas.com/polyfills-B6TNHZQ6.js:1:1770)
    at https://platform.thisisvillegas.com/polyfills-B6TNHZQ6.js:2:553
    at f.invokeTask (https://platform.thisisvillegas.com/polyfills-B6TNHZQ6.js:1:7505)
    at e.runTask (https://platform.thisisvillegas.com/polyfills-B6TNHZQ6.js:1:2410)
    at $ (https://platform.thisisvillegas.com/polyfills-B6TNHZQ6.js:1:9578) @ https://platform.thisisvillegas.com/chunk-D6U4BVXY.js:16
[ 4408611ms] [WARNING] Decoration layer not found: christmas-decorations @ https://platform.thisisvillegas.com/chunk-D6U4BVXY.js:16
[ 4408611ms] [WARNING] Failed to load ambient audio: assets/audio/christmas-ambient.mp3 Error: Audio key "assets/audio/christmas-ambient.mp3" not found in cache
    at new initialize (https://platform.thisisvillegas.com/chunk-ZRDQEC65.js:64:29054)
    at initialize.add (https://platform.thisisvillegas.com/chunk-ZRDQEC65.js:64:38337)
    at kt.applyAudio (https://platform.thisisvillegas.com/chunk-ZRDQEC65.js:68:43607)
    at kt.applyTheme (https://platform.thisisvillegas.com/chunk-ZRDQEC65.js:68:41788)
    at kt.<anonymous> (https://platform.thisisvillegas.com/chunk-ZRDQEC65.js:68:44313)
    at Generator.next (<anonymous>)
    at i (https://platform.thisisvillegas.com/chunk-63LDI3ND.js:1:1115)
    at f.invoke (https://platform.thisisvillegas.com/polyfills-B6TNHZQ6.js:1:6880)
    at e.run (https://platform.thisisvillegas.com/polyfills-B6TNHZQ6.js:1:1770)
    at https://platform.thisisvillegas.com/polyfills-B6TNHZQ6.js:2:553
    at f.invokeTask (https://platform.thisisvillegas.com/polyfills-B6TNHZQ6.js:1:7505)
    at e.runTask (https://platform.thisisvillegas.com/polyfills-B6TNHZQ6.js:1:2410)
    at $ (https://platform.thisisvillegas.com/polyfills-B6TNHZQ6.js:1:9578) @ https://platform.thisisvillegas.com/chunk-D6U4BVXY.js:16
[ 4408611ms] [WARNING] Failed to load music audio: assets/audio/christmas-music.mp3 Error: Audio key "assets/audio/christmas-music.mp3" not found in cache
    at new initialize (https://platform.thisisvillegas.com/chunk-ZRDQEC65.js:64:29054)
    at initialize.add (https://platform.thisisvillegas.com/chunk-ZRDQEC65.js:64:38337)
    at kt.applyAudio (https://platform.thisisvillegas.com/chunk-ZRDQEC65.js:68:43861)
    at kt.applyTheme (https://platform.thisisvillegas.com/chunk-ZRDQEC65.js:68:41788)
    at kt.<anonymous> (https://platform.thisisvillegas.com/chunk-ZRDQEC65.js:68:44313)
    at Generator.next (<anonymous>)
    at i (https://platform.thisisvillegas.com/chunk-63LDI3ND.js:1:1115)
    at f.invoke (https://platform.thisisvillegas.com/polyfills-B6TNHZQ6.js:1:6880)
    at e.run (https://platform.thisisvillegas.com/polyfills-B6TNHZQ6.js:1:1770)
    at https://platform.thisisvillegas.com/polyfills-B6TNHZQ6.js:2:553
    at f.invokeTask (https://platform.thisisvillegas.com/polyfills-B6TNHZQ6.js:1:7505)
    at e.runTask (https://platform.thisisvillegas.com/polyfills-B6TNHZQ6.js:1:2410)
    at $ (https://platform.thisisvillegas.com/polyfills-B6TNHZQ6.js:1:9578) @ https://platform.thisisvillegas.com/chunk-D6U4BVXY.js:16
[ 4417311ms] [WARNING] Decoration layer not found: autumn-decorations @ https://platform.thisisvillegas.com/chunk-D6U4BVXY.js:16
[ 4417311ms] [WARNING] Failed to load ambient audio: assets/audio/autumn-ambient.mp3 Error: Audio key "assets/audio/autumn-ambient.mp3" not found in cache
    at new initialize (https://platform.thisisvillegas.com/chunk-ZRDQEC65.js:64:29054)
    at initialize.add (https://platform.thisisvillegas.com/chunk-ZRDQEC65.js:64:38337)
    at kt.applyAudio (https://platform.thisisvillegas.com/chunk-ZRDQEC65.js:68:43607)
    at kt.applyTheme (https://platform.thisisvillegas.com/chunk-ZRDQEC65.js:68:41788)
    at kt.<anonymous> (https://platform.thisisvillegas.com/chunk-ZRDQEC65.js:68:44313)
    at Generator.next (<anonymous>)
    at i (https://platform.thisisvillegas.com/chunk-63LDI3ND.js:1:1115)
    at f.invoke (https://platform.thisisvillegas.com/polyfills-B6TNHZQ6.js:1:6880)
    at e.run (https://platform.thisisvillegas.com/polyfills-B6TNHZQ6.js:1:1770)
    at https://platform.thisisvillegas.com/polyfills-B6TNHZQ6.js:2:553
    at f.invokeTask (https://platform.thisisvillegas.com/polyfills-B6TNHZQ6.js:1:7505)
    at e.runTask (https://platform.thisisvillegas.com/polyfills-B6TNHZQ6.js:1:2410)
    at $ (https://platform.thisisvillegas.com/polyfills-B6TNHZQ6.js:1:9578) @ https://platform.thisisvillegas.com/chunk-D6U4BVXY.js:16
[ 4417311ms] [WARNING] Failed to load music audio: assets/audio/autumn-music.mp3 Error: Audio key "assets/audio/autumn-music.mp3" not found in cache
    at new initialize (https://platform.thisisvillegas.com/chunk-ZRDQEC65.js:64:29054)
    at initialize.add (https://platform.thisisvillegas.com/chunk-ZRDQEC65.js:64:38337)
    at kt.applyAudio (https://platform.thisisvillegas.com/chunk-ZRDQEC65.js:68:43861)
    at kt.applyTheme (https://platform.thisisvillegas.com/chunk-ZRDQEC65.js:68:41788)
    at kt.<anonymous> (https://platform.thisisvillegas.com/chunk-ZRDQEC65.js:68:44313)
    at Generator.next (<anonymous>)
    at i (https://platform.thisisvillegas.com/chunk-63LDI3ND.js:1:1115)
    at f.invoke (https://platform.thisisvillegas.com/polyfills-B6TNHZQ6.js:1:6880)
    at e.run (https://platform.thisisvillegas.com/polyfills-B6TNHZQ6.js:1:1770)
    at https://platform.thisisvillegas.com/polyfills-B6TNHZQ6.js:2:553
    at f.invokeTask (https://platform.thisisvillegas.com/polyfills-B6TNHZQ6.js:1:7505)
    at e.runTask (https://platform.thisisvillegas.com/polyfills-B6TNHZQ6.js:1:2410)
    at $ (https://platform.thisisvillegas.com/polyfills-B6TNHZQ6.js:1:9578) @ https://platform.thisisvillegas.com/chunk-D6U4BVXY.js:16
[ 5052279ms] [WARNING] Decoration layer not found: autumn-decorations @ https://platform.thisisvillegas.com/chunk-D6U4BVXY.js:16
[ 5052280ms] [WARNING] Failed to load ambient audio: assets/audio/autumn-ambient.mp3 Error: Audio key "assets/audio/autumn-ambient.mp3" not found in cache
    at new initialize (https://platform.thisisvillegas.com/chunk-ZRDQEC65.js:64:29054)
    at initialize.add (https://platform.thisisvillegas.com/chunk-ZRDQEC65.js:64:38337)
    at kt.applyAudio (https://platform.thisisvillegas.com/chunk-ZRDQEC65.js:68:43607)
    at kt.applyTheme (https://platform.thisisvillegas.com/chunk-ZRDQEC65.js:68:41788)
    at kt.<anonymous> (https://platform.thisisvillegas.com/chunk-ZRDQEC65.js:68:44313)
    at Generator.next (<anonymous>)
    at i (https://platform.thisisvillegas.com/chunk-63LDI3ND.js:1:1115)
    at f.invoke (https://platform.thisisvillegas.com/polyfills-B6TNHZQ6.js:1:6880)
    at e.run (https://platform.thisisvillegas.com/polyfills-B6TNHZQ6.js:1:1770)
    at https://platform.thisisvillegas.com/polyfills-B6TNHZQ6.js:2:553
    at f.invokeTask (https://platform.thisisvillegas.com/polyfills-B6TNHZQ6.js:1:7505)
    at e.runTask (https://platform.thisisvillegas.com/polyfills-B6TNHZQ6.js:1:2410)
    at $ (https://platform.thisisvillegas.com/polyfills-B6TNHZQ6.js:1:9578) @ https://platform.thisisvillegas.com/chunk-D6U4BVXY.js:16
[ 5052280ms] [WARNING] Failed to load music audio: assets/audio/autumn-music.mp3 Error: Audio key "assets/audio/autumn-music.mp3" not found in cache
    at new initialize (https://platform.thisisvillegas.com/chunk-ZRDQEC65.js:64:29054)
    at initialize.add (https://platform.thisisvillegas.com/chunk-ZRDQEC65.js:64:38337)
    at kt.applyAudio (https://platform.thisisvillegas.com/chunk-ZRDQEC65.js:68:43861)
    at kt.applyTheme (https://platform.thisisvillegas.com/chunk-ZRDQEC65.js:68:41788)
    at kt.<anonymous> (https://platform.thisisvillegas.com/chunk-ZRDQEC65.js:68:44313)
    at Generator.next (<anonymous>)
    at i (https://platform.thisisvillegas.com/chunk-63LDI3ND.js:1:1115)
    at f.invoke (https://platform.thisisvillegas.com/polyfills-B6TNHZQ6.js:1:6880)
    at e.run (https://platform.thisisvillegas.com/polyfills-B6TNHZQ6.js:1:1770)
    at https://platform.thisisvillegas.com/polyfills-B6TNHZQ6.js:2:553
    at f.invokeTask (https://platform.thisisvillegas.com/polyfills-B6TNHZQ6.js:1:7505)
    at e.runTask (https://platform.thisisvillegas.com/polyfills-B6TNHZQ6.js:1:2410)
    at $ (https://platform.thisisvillegas.com/polyfills-B6TNHZQ6.js:1:9578) @ https://platform.thisisvillegas.com/chunk-D6U4BVXY.js:16
[ 5227502ms] TypeError: Cannot read properties of null (reading 'drawImage')
    at initialize.updateUVs (https://platform.thisisvillegas.com/chunk-ZRDQEC65.js:64:72455)
    at initialize.setCutPosition (https://platform.thisisvillegas.com/chunk-ZRDQEC65.js:64:70243)
    at initialize.setSize (https://platform.thisisvillegas.com/chunk-ZRDQEC65.js:64:70406)
    at initialize.updateText (https://platform.thisisvillegas.com/chunk-ZRDQEC65.js:16:2887)
    at initialize.setText (https://platform.thisisvillegas.com/chunk-ZRDQEC65.js:14:51)
    at initialize.<anonymous> (https://platform.thisisvillegas.com/chunk-ZRDQEC65.js:68:30340)
    at n.emit (https://platform.thisisvillegas.com/chunk-ZRDQEC65.js:1:2308)
    at rt.toggleMute (https://platform.thisisvillegas.com/chunk-ZRDQEC65.js:68:27720)
    at initialize.<anonymous> (https://platform.thisisvillegas.com/chunk-ZRDQEC65.js:68:29033)
    at n.emit (https://platform.thisisvillegas.com/chunk-ZRDQEC65.js:1:2001)
    at initialize.processDownEvents (https://platform.thisisvillegas.com/chunk-ZRDQEC65.js:18:44013)
    at initialize.update (https://platform.thisisvillegas.com/chunk-ZRDQEC65.js:18:42110)
    at initialize.updateInputPlugins (https://platform.thisisvillegas.com/chunk-ZRDQEC65.js:18:34570)
    at initialize.onMouseDown (https://platform.thisisvillegas.com/chunk-ZRDQEC65.js:18:35976)
    at HTMLCanvasElement.onMouseDown (https://platform.thisisvillegas.com/chunk-ZRDQEC65.js:18:90163)
    at f.invokeTask (https://platform.thisisvillegas.com/polyfills-B6TNHZQ6.js:1:7505)
    at e.runTask (https://platform.thisisvillegas.com/polyfills-B6TNHZQ6.js:1:2410)
    at g.invokeTask [as invoke] (https://platform.thisisvillegas.com/polyfills-B6TNHZQ6.js:1:8614)
    at L (https://platform.thisisvillegas.com/polyfills-B6TNHZQ6.js:1:15349)
    at H (https://platform.thisisvillegas.com/polyfills-B6TNHZQ6.js:1:15645)
    at HTMLCanvasElement.z (https://platform.thisisvillegas.com/polyfills-B6TNHZQ6.js:1:15903)
[ 5251279ms] [WARNING] Decoration layer not found: autumn-decorations @ https://platform.thisisvillegas.com/chunk-D6U4BVXY.js:16
[ 5251279ms] [WARNING] Failed to load ambient audio: assets/audio/autumn-ambient.mp3 Error: Audio key "assets/audio/autumn-ambient.mp3" not found in cache
    at new initialize (https://platform.thisisvillegas.com/chunk-ZRDQEC65.js:64:29054)
    at initialize.add (https://platform.thisisvillegas.com/chunk-ZRDQEC65.js:64:38337)
    at kt.applyAudio (https://platform.thisisvillegas.com/chunk-ZRDQEC65.js:68:43607)
    at kt.applyTheme (https://platform.thisisvillegas.com/chunk-ZRDQEC65.js:68:41788)
    at kt.<anonymous> (https://platform.thisisvillegas.com/chunk-ZRDQEC65.js:68:44313)
    at Generator.next (<anonymous>)
    at i (https://platform.thisisvillegas.com/chunk-63LDI3ND.js:1:1115)
    at f.invoke (https://platform.thisisvillegas.com/polyfills-B6TNHZQ6.js:1:6880)
    at e.run (https://platform.thisisvillegas.com/polyfills-B6TNHZQ6.js:1:1770)
    at https://platform.thisisvillegas.com/polyfills-B6TNHZQ6.js:2:553
    at f.invokeTask (https://platform.thisisvillegas.com/polyfills-B6TNHZQ6.js:1:7505)
    at e.runTask (https://platform.thisisvillegas.com/polyfills-B6TNHZQ6.js:1:2410)
    at $ (https://platform.thisisvillegas.com/polyfills-B6TNHZQ6.js:1:9578) @ https://platform.thisisvillegas.com/chunk-D6U4BVXY.js:16
[ 5251279ms] [WARNING] Failed to load music audio: assets/audio/autumn-music.mp3 Error: Audio key "assets/audio/autumn-music.mp3" not found in cache
    at new initialize (https://platform.thisisvillegas.com/chunk-ZRDQEC65.js:64:29054)
    at initialize.add (https://platform.thisisvillegas.com/chunk-ZRDQEC65.js:64:38337)
    at kt.applyAudio (https://platform.thisisvillegas.com/chunk-ZRDQEC65.js:68:43861)
    at kt.applyTheme (https://platform.thisisvillegas.com/chunk-ZRDQEC65.js:68:41788)
    at kt.<anonymous> (https://platform.thisisvillegas.com/chunk-ZRDQEC65.js:68:44313)
    at Generator.next (<anonymous>)
    at i (https://platform.thisisvillegas.com/chunk-63LDI3ND.js:1:1115)
    at f.invoke (https://platform.thisisvillegas.com/polyfills-B6TNHZQ6.js:1:6880)
    at e.run (https://platform.thisisvillegas.com/polyfills-B6TNHZQ6.js:1:1770)
    at https://platform.thisisvillegas.com/polyfills-B6TNHZQ6.js:2:553
    at f.invokeTask (https://platform.thisisvillegas.com/polyfills-B6TNHZQ6.js:1:7505)
    at e.runTask (https://platform.thisisvillegas.com/polyfills-B6TNHZQ6.js:1:2410)
    at $ (https://platform.thisisvillegas.com/polyfills-B6TNHZQ6.js:1:9578) @ https://platform.thisisvillegas.com/chunk-D6U4BVXY.js:16
[ 5253639ms] TypeError: Cannot read properties of null (reading 'drawImage')
    at initialize.updateUVs (https://platform.thisisvillegas.com/chunk-ZRDQEC65.js:64:72455)
    at initialize.setCutPosition (https://platform.thisisvillegas.com/chunk-ZRDQEC65.js:64:70243)
    at initialize.setSize (https://platform.thisisvillegas.com/chunk-ZRDQEC65.js:64:70406)
    at initialize.updateText (https://platform.thisisvillegas.com/chunk-ZRDQEC65.js:16:2887)
    at initialize.setText (https://platform.thisisvillegas.com/chunk-ZRDQEC65.js:14:51)
    at initialize.<anonymous> (https://platform.thisisvillegas.com/chunk-ZRDQEC65.js:68:30340)
    at n.emit (https://platform.thisisvillegas.com/chunk-ZRDQEC65.js:1:2308)
    at rt.toggleMute (https://platform.thisisvillegas.com/chunk-ZRDQEC65.js:68:27720)
    at initialize.<anonymous> (https://platform.thisisvillegas.com/chunk-ZRDQEC65.js:68:29033)
    at n.emit (https://platform.thisisvillegas.com/chunk-ZRDQEC65.js:1:2001)
    at initialize.processDownEvents (https://platform.thisisvillegas.com/chunk-ZRDQEC65.js:18:44013)
    at initialize.update (https://platform.thisisvillegas.com/chunk-ZRDQEC65.js:18:42110)
    at initialize.updateInputPlugins (https://platform.thisisvillegas.com/chunk-ZRDQEC65.js:18:34570)
    at initialize.onMouseDown (https://platform.thisisvillegas.com/chunk-ZRDQEC65.js:18:35976)
    at HTMLCanvasElement.onMouseDown (https://platform.thisisvillegas.com/chunk-ZRDQEC65.js:18:90163)
    at f.invokeTask (https://platform.thisisvillegas.com/polyfills-B6TNHZQ6.js:1:7505)
    at e.runTask (https://platform.thisisvillegas.com/polyfills-B6TNHZQ6.js:1:2410)
    at g.invokeTask [as invoke] (https://platform.thisisvillegas.com/polyfills-B6TNHZQ6.js:1:8614)
    at L (https://platform.thisisvillegas.com/polyfills-B6TNHZQ6.js:1:15349)
    at H (https://platform.thisisvillegas.com/polyfills-B6TNHZQ6.js:1:15645)
    at HTMLCanvasElement.z (https://platform.thisisvillegas.com/polyfills-B6TNHZQ6.js:1:15903)
[ 5288820ms] [WARNING] Decoration layer not found: autumn-decorations @ https://platform.thisisvillegas.com/chunk-D6U4BVXY.js:16
[ 5288820ms] [WARNING] Failed to load ambient audio: assets/audio/autumn-ambient.mp3 Error: Audio key "assets/audio/autumn-ambient.mp3" not found in cache
    at new initialize (https://platform.thisisvillegas.com/chunk-ZRDQEC65.js:64:29054)
    at initialize.add (https://platform.thisisvillegas.com/chunk-ZRDQEC65.js:64:38337)
    at kt.applyAudio (https://platform.thisisvillegas.com/chunk-ZRDQEC65.js:68:43607)
    at kt.applyTheme (https://platform.thisisvillegas.com/chunk-ZRDQEC65.js:68:41788)
    at kt.<anonymous> (https://platform.thisisvillegas.com/chunk-ZRDQEC65.js:68:44313)
    at Generator.next (<anonymous>)
    at i (https://platform.thisisvillegas.com/chunk-63LDI3ND.js:1:1115)
    at f.invoke (https://platform.thisisvillegas.com/polyfills-B6TNHZQ6.js:1:6880)
    at e.run (https://platform.thisisvillegas.com/polyfills-B6TNHZQ6.js:1:1770)
    at https://platform.thisisvillegas.com/polyfills-B6TNHZQ6.js:2:553
    at f.invokeTask (https://platform.thisisvillegas.com/polyfills-B6TNHZQ6.js:1:7505)
    at e.runTask (https://platform.thisisvillegas.com/polyfills-B6TNHZQ6.js:1:2410)
    at $ (https://platform.thisisvillegas.com/polyfills-B6TNHZQ6.js:1:9578) @ https://platform.thisisvillegas.com/chunk-D6U4BVXY.js:16
[ 5288820ms] [WARNING] Failed to load music audio: assets/audio/autumn-music.mp3 Error: Audio key "assets/audio/autumn-music.mp3" not found in cache
    at new initialize (https://platform.thisisvillegas.com/chunk-ZRDQEC65.js:64:29054)
    at initialize.add (https://platform.thisisvillegas.com/chunk-ZRDQEC65.js:64:38337)
    at kt.applyAudio (https://platform.thisisvillegas.com/chunk-ZRDQEC65.js:68:43861)
    at kt.applyTheme (https://platform.thisisvillegas.com/chunk-ZRDQEC65.js:68:41788)
    at kt.<anonymous> (https://platform.thisisvillegas.com/chunk-ZRDQEC65.js:68:44313)
    at Generator.next (<anonymous>)
    at i (https://platform.thisisvillegas.com/chunk-63LDI3ND.js:1:1115)
    at f.invoke (https://platform.thisisvillegas.com/polyfills-B6TNHZQ6.js:1:6880)
    at e.run (https://platform.thisisvillegas.com/polyfills-B6TNHZQ6.js:1:1770)
    at https://platform.thisisvillegas.com/polyfills-B6TNHZQ6.js:2:553
    at f.invokeTask (https://platform.thisisvillegas.com/polyfills-B6TNHZQ6.js:1:7505)
    at e.runTask (https://platform.thisisvillegas.com/polyfills-B6TNHZQ6.js:1:2410)
    at $ (https://platform.thisisvillegas.com/polyfills-B6TNHZQ6.js:1:9578) @ https://platform.thisisvillegas.com/chunk-D6U4BVXY.js:16
[ 5289981ms] TypeError: Cannot read properties of null (reading 'drawImage')
    at initialize.updateUVs (https://platform.thisisvillegas.com/chunk-ZRDQEC65.js:64:72455)
    at initialize.setCutPosition (https://platform.thisisvillegas.com/chunk-ZRDQEC65.js:64:70243)
    at initialize.setSize (https://platform.thisisvillegas.com/chunk-ZRDQEC65.js:64:70406)
    at initialize.updateText (https://platform.thisisvillegas.com/chunk-ZRDQEC65.js:16:2887)
    at initialize.setText (https://platform.thisisvillegas.com/chunk-ZRDQEC65.js:14:51)
    at initialize.<anonymous> (https://platform.thisisvillegas.com/chunk-ZRDQEC65.js:68:30340)
    at n.emit (https://platform.thisisvillegas.com/chunk-ZRDQEC65.js:1:2308)
    at rt.toggleMute (https://platform.thisisvillegas.com/chunk-ZRDQEC65.js:68:27720)
    at initialize.<anonymous> (https://platform.thisisvillegas.com/chunk-ZRDQEC65.js:68:29033)
    at n.emit (https://platform.thisisvillegas.com/chunk-ZRDQEC65.js:1:2001)
    at initialize.processDownEvents (https://platform.thisisvillegas.com/chunk-ZRDQEC65.js:18:44013)
    at initialize.update (https://platform.thisisvillegas.com/chunk-ZRDQEC65.js:18:42110)
    at initialize.updateInputPlugins (https://platform.thisisvillegas.com/chunk-ZRDQEC65.js:18:34570)
    at initialize.onMouseDown (https://platform.thisisvillegas.com/chunk-ZRDQEC65.js:18:35976)
    at HTMLCanvasElement.onMouseDown (https://platform.thisisvillegas.com/chunk-ZRDQEC65.js:18:90163)
    at f.invokeTask (https://platform.thisisvillegas.com/polyfills-B6TNHZQ6.js:1:7505)
    at e.runTask (https://platform.thisisvillegas.com/polyfills-B6TNHZQ6.js:1:2410)
    at g.invokeTask [as invoke] (https://platform.thisisvillegas.com/polyfills-B6TNHZQ6.js:1:8614)
    at L (https://platform.thisisvillegas.com/polyfills-B6TNHZQ6.js:1:15349)
    at H (https://platform.thisisvillegas.com/polyfills-B6TNHZQ6.js:1:15645)
    at HTMLCanvasElement.z (https://platform.thisisvillegas.com/polyfills-B6TNHZQ6.js:1:15903)
[ 5290596ms] TypeError: Cannot read properties of null (reading 'drawImage')
    at initialize.updateUVs (https://platform.thisisvillegas.com/chunk-ZRDQEC65.js:64:72455)
    at initialize.setCutPosition (https://platform.thisisvillegas.com/chunk-ZRDQEC65.js:64:70243)
    at initialize.setSize (https://platform.thisisvillegas.com/chunk-ZRDQEC65.js:64:70406)
    at initialize.updateText (https://platform.thisisvillegas.com/chunk-ZRDQEC65.js:16:2887)
    at initialize.setText (https://platform.thisisvillegas.com/chunk-ZRDQEC65.js:14:51)
    at initialize.<anonymous> (https://platform.thisisvillegas.com/chunk-ZRDQEC65.js:68:30340)
    at n.emit (https://platform.thisisvillegas.com/chunk-ZRDQEC65.js:1:2308)
    at rt.toggleMute (https://platform.thisisvillegas.com/chunk-ZRDQEC65.js:68:27720)
    at initialize.<anonymous> (https://platform.thisisvillegas.com/chunk-ZRDQEC65.js:68:29033)
    at n.emit (https://platform.thisisvillegas.com/chunk-ZRDQEC65.js:1:2001)
    at initialize.processDownEvents (https://platform.thisisvillegas.com/chunk-ZRDQEC65.js:18:44013)
    at initialize.update (https://platform.thisisvillegas.com/chunk-ZRDQEC65.js:18:42110)
    at initialize.updateInputPlugins (https://platform.thisisvillegas.com/chunk-ZRDQEC65.js:18:34570)
    at initialize.onMouseDown (https://platform.thisisvillegas.com/chunk-ZRDQEC65.js:18:35976)
    at HTMLCanvasElement.onMouseDown (https://platform.thisisvillegas.com/chunk-ZRDQEC65.js:18:90163)
    at f.invokeTask (https://platform.thisisvillegas.com/polyfills-B6TNHZQ6.js:1:7505)
    at e.runTask (https://platform.thisisvillegas.com/polyfills-B6TNHZQ6.js:1:2410)
    at g.invokeTask [as invoke] (https://platform.thisisvillegas.com/polyfills-B6TNHZQ6.js:1:8614)
    at L (https://platform.thisisvillegas.com/polyfills-B6TNHZQ6.js:1:15349)
    at H (https://platform.thisisvillegas.com/polyfills-B6TNHZQ6.js:1:15645)
    at HTMLCanvasElement.z (https://platform.thisisvillegas.com/polyfills-B6TNHZQ6.js:1:15903)
[ 5291008ms] TypeError: Cannot read properties of null (reading 'drawImage')
    at initialize.updateUVs (https://platform.thisisvillegas.com/chunk-ZRDQEC65.js:64:72455)
    at initialize.setCutPosition (https://platform.thisisvillegas.com/chunk-ZRDQEC65.js:64:70243)
    at initialize.setSize (https://platform.thisisvillegas.com/chunk-ZRDQEC65.js:64:70406)
    at initialize.updateText (https://platform.thisisvillegas.com/chunk-ZRDQEC65.js:16:2887)
    at initialize.setText (https://platform.thisisvillegas.com/chunk-ZRDQEC65.js:14:51)
    at initialize.<anonymous> (https://platform.thisisvillegas.com/chunk-ZRDQEC65.js:68:30340)
    at n.emit (https://platform.thisisvillegas.com/chunk-ZRDQEC65.js:1:2308)
    at rt.toggleMute (https://platform.thisisvillegas.com/chunk-ZRDQEC65.js:68:27720)
    at initialize.<anonymous> (https://platform.thisisvillegas.com/chunk-ZRDQEC65.js:68:29033)
    at n.emit (https://platform.thisisvillegas.com/chunk-ZRDQEC65.js:1:2001)
    at initialize.processDownEvents (https://platform.thisisvillegas.com/chunk-ZRDQEC65.js:18:44013)
    at initialize.update (https://platform.thisisvillegas.com/chunk-ZRDQEC65.js:18:42110)
    at initialize.updateInputPlugins (https://platform.thisisvillegas.com/chunk-ZRDQEC65.js:18:34570)
    at initialize.onMouseDown (https://platform.thisisvillegas.com/chunk-ZRDQEC65.js:18:35976)
    at HTMLCanvasElement.onMouseDown (https://platform.thisisvillegas.com/chunk-ZRDQEC65.js:18:90163)
    at f.invokeTask (https://platform.thisisvillegas.com/polyfills-B6TNHZQ6.js:1:7505)
    at e.runTask (https://platform.thisisvillegas.com/polyfills-B6TNHZQ6.js:1:2410)
    at g.invokeTask [as invoke] (https://platform.thisisvillegas.com/polyfills-B6TNHZQ6.js:1:8614)
    at L (https://platform.thisisvillegas.com/polyfills-B6TNHZQ6.js:1:15349)
    at H (https://platform.thisisvillegas.com/polyfills-B6TNHZQ6.js:1:15645)
    at HTMLCanvasElement.z (https://platform.thisisvillegas.com/polyfills-B6TNHZQ6.js:1:15903)
[ 5291207ms] TypeError: Cannot read properties of null (reading 'drawImage')
    at initialize.updateUVs (https://platform.thisisvillegas.com/chunk-ZRDQEC65.js:64:72455)
    at initialize.setCutPosition (https://platform.thisisvillegas.com/chunk-ZRDQEC65.js:64:70243)
    at initialize.setSize (https://platform.thisisvillegas.com/chunk-ZRDQEC65.js:64:70406)
    at initialize.updateText (https://platform.thisisvillegas.com/chunk-ZRDQEC65.js:16:2887)
    at initialize.setText (https://platform.thisisvillegas.com/chunk-ZRDQEC65.js:14:51)
    at initialize.<anonymous> (https://platform.thisisvillegas.com/chunk-ZRDQEC65.js:68:30340)
    at n.emit (https://platform.thisisvillegas.com/chunk-ZRDQEC65.js:1:2308)
    at rt.toggleMute (https://platform.thisisvillegas.com/chunk-ZRDQEC65.js:68:27720)
    at initialize.<anonymous> (https://platform.thisisvillegas.com/chunk-ZRDQEC65.js:68:29033)
    at n.emit (https://platform.thisisvillegas.com/chunk-ZRDQEC65.js:1:2001)
    at initialize.processDownEvents (https://platform.thisisvillegas.com/chunk-ZRDQEC65.js:18:44013)
    at initialize.update (https://platform.thisisvillegas.com/chunk-ZRDQEC65.js:18:42110)
    at initialize.updateInputPlugins (https://platform.thisisvillegas.com/chunk-ZRDQEC65.js:18:34570)
    at initialize.onMouseDown (https://platform.thisisvillegas.com/chunk-ZRDQEC65.js:18:35976)
    at HTMLCanvasElement.onMouseDown (https://platform.thisisvillegas.com/chunk-ZRDQEC65.js:18:90163)
    at f.invokeTask (https://platform.thisisvillegas.com/polyfills-B6TNHZQ6.js:1:7505)
    at e.runTask (https://platform.thisisvillegas.com/polyfills-B6TNHZQ6.js:1:2410)
    at g.invokeTask [as invoke] (https://platform.thisisvillegas.com/polyfills-B6TNHZQ6.js:1:8614)
    at L (https://platform.thisisvillegas.com/polyfills-B6TNHZQ6.js:1:15349)
    at H (https://platform.thisisvillegas.com/polyfills-B6TNHZQ6.js:1:15645)
    at HTMLCanvasElement.z (https://platform.thisisvillegas.com/polyfills-B6TNHZQ6.js:1:15903)
